// Jest Snapshot v1, https://goo.gl/fbAQLP

exports[`StatusBadge renders a component 1`] = `
<p
  className="sc-bxivhb gayghH"
/>
`;
