// Jest Snapshot v1, https://goo.gl/fbAQLP

exports[`StatusIcon renders a component 1`] = `
<div
  className="sc-bdVaJa jtBSla"
  onClick={[MockFunction]}
/>
`;
