// Jest Snapshot v1, https://goo.gl/fbAQLP

exports[`TodoStepList renders a component 1`] = `
<OrderedList
  data-role="todo-card-step-list-0"
>
  <ListItem>
    <Bold>
      Step tile
      :
    </Bold>
    <span>
      Step details
    </span>
  </ListItem>
</OrderedList>
`;
